---
source: htmx-script/src/lib.rs
expression: ast.to_java_script().to_token_stream().to_string()
---
{ use :: htmx :: ToJs as _ ; let mut __htmx_script_out = :: std :: prelude :: v1 :: String :: new () ; __htmx_script_out . push_str (" function on_click ( event , ) { const name = ") ; __htmx_script_out . push_str (name . to_js () . as_str ()) ; __htmx_script_out . push_str (" ; console . log ( ") ; __htmx_script_out . push_str (name . to_js () . as_str ()) ; __htmx_script_out . push_str (" , ) ; alert ( `Hi ${name} you triggered an event ${event.type}` , ) ; }") ; __htmx_script_out }
